[2026-08-30 16:21:22] [SYSTEM] === NASA COGNITIVE RADIO CHASSIS ACTIVATED ===
[2026-08-30 16:21:22] [HIL_SIM] Deterministic timing secured. Jitter: 98 ns.
[2026-08-30 16:21:22] [AI_COGNITIVE_RF] CRITICAL INTERFERENCE DETECTED (38.400000 dB). Executing Spectrum Hopping Protocol...
[2026-08-30 16:21:22] [AI_COGNITIVE_RF] Shifted frequency carrier from 8.400000 GHz -> 14.500000 GHz.
[2026-08-30 16:21:22] [ATMOSPHERE] Path loss dynamic calculation at 14.500000 GHz: 0.109574 dB
[2026-08-30 16:21:22] [HARDWARE] Power Amplifier Register overriden to: 512 mW
[2026-08-30 16:21:22] [DSP_CORE] Cooley-Tukey inversion deployed on cognitive carrier wave.
[2026-08-30 16:21:22] [AI_NEURAL] AI Spectrum State: NOISE MITIGATED VIA COGNITIVE HOPPING.
[2026-08-30 16:21:22] [QUANTUM_QEC] Entanglement clock checked. Qubit error correction locked.
[2026-08-30 16:21:22] [CCSDS_PROT] CCSDS Frame wrapped. Total package network footprint: 40 bytes.
[2026-08-30 16:21:22] [SYSTEM] === COGNITIVE TRANSMISSION LOOP RE-SHIELDED AND LOCKED ===
[2026-08-30 16:21:29] [SYSTEM] === NASA COGNITIVE RADIO CHASSIS ACTIVATED ===
[2026-08-30 16:21:29] [HIL_SIM] Deterministic timing secured. Jitter: 98 ns.
[2026-08-30 16:21:29] [AI_COGNITIVE_RF] CRITICAL INTERFERENCE DETECTED (38.400000 dB). Executing Spectrum Hopping Protocol...
[2026-08-30 16:21:29] [AI_COGNITIVE_RF] Shifted frequency carrier from 8.400000 GHz -> 14.500000 GHz.
[2026-08-30 16:21:29] [ATMOSPHERE] Path loss dynamic calculation at 14.500000 GHz: 183344.511442 dB
[2026-08-30 16:21:29] [HARDWARE] Power Amplifier Register overriden to: 50000 mW
[2026-08-30 16:21:29] [DSP_CORE] Cooley-Tukey inversion deployed on cognitive carrier wave.
[2026-08-30 16:21:29] [AI_NEURAL] AI Spectrum State: NOISE MITIGATED VIA COGNITIVE HOPPING.
[2026-08-30 16:21:29] [QUANTUM_QEC] Entanglement clock checked. Qubit error correction locked.
[2026-08-30 16:21:29] [CCSDS_PROT] CCSDS Frame wrapped. Total package network footprint: 40 bytes.
[2026-08-30 16:21:29] [SYSTEM] === COGNITIVE TRANSMISSION LOOP RE-SHIELDED AND LOCKED ===
[2026-08-30 16:21:37] [SYSTEM] === NASA COGNITIVE RADIO CHASSIS ACTIVATED ===
[2026-08-30 16:21:37] [HIL_SIM] Deterministic timing secured. Jitter: 98 ns.
[2026-08-30 16:21:37] [AI_COGNITIVE_RF] CRITICAL INTERFERENCE DETECTED (38.400000 dB). Executing Spectrum Hopping Protocol...
[2026-08-30 16:21:37] [AI_COGNITIVE_RF] Shifted frequency carrier from 8.400000 GHz -> 14.500000 GHz.
[2026-08-30 16:21:37] [ATMOSPHERE] Path loss dynamic calculation at 14.500000 GHz: 479.385769 dB
[2026-08-30 16:21:37] [HARDWARE] Power Amplifier Register overriden to: 50000 mW
[2026-08-30 16:21:37] [DSP_CORE] Cooley-Tukey inversion deployed on cognitive carrier wave.
[2026-08-30 16:21:37] [AI_NEURAL] AI Spectrum State: NOISE MITIGATED VIA COGNITIVE HOPPING.
[2026-08-30 16:21:37] [QUANTUM_QEC] Entanglement clock checked. Qubit error correction locked.
[2026-08-30 16:21:37] [CCSDS_PROT] CCSDS Frame wrapped. Total package network footprint: 40 bytes.
[2026-08-30 16:21:37] [SYSTEM] === COGNITIVE TRANSMISSION LOOP RE-SHIELDED AND LOCKED ===
